src/controllers/authController.ts(198,47): error TS2345: Argument of type '{ email: string; role: "sales" | "admin" | "manager" | "inventory" | "support" | "stock_keeper"; firstName: string; lastName: string; password: string; phone?: string | undefined; employeeId?: string | undefined; }' is not assignable to parameter of type '{ email: string; password: string; role: UserRole; firstName: string; lastName: string; phone?: string | undefined; employeeId?: string | undefined; }'.
  Types of property 'role' are incompatible.
    Type '"sales" | "admin" | "manager" | "inventory" | "support" | "stock_keeper"' is not assignable to type 'UserRole'.
      Type '"stock_keeper"' is not assignable to type 'UserRole'.
src/controllers/authController.ts(300,51): error TS2345: Argument of type '{ email?: string | undefined; role?: "sales" | "admin" | "manager" | "inventory" | "support" | "stock_keeper" | undefined; isActive?: boolean | undefined; firstName?: string | undefined; lastName?: string | undefined; phone?: string | undefined; employeeId?: string | undefined; }' is not assignable to parameter of type '{ email?: string | undefined; role?: UserRole | undefined; isActive?: boolean | undefined; firstName?: string | undefined; lastName?: string | undefined; phone?: string | undefined; employeeId?: string | undefined; }'.
  Types of property 'role' are incompatible.
    Type '"sales" | "admin" | "manager" | "inventory" | "support" | "stock_keeper" | undefined' is not assignable to type 'UserRole | undefined'.
      Type '"stock_keeper"' is not assignable to type 'UserRole | undefined'.
src/controllers/employeeController.ts(120,59): error TS2345: Argument of type '{ email: string; role: "sales" | "admin" | "manager" | "inventory" | "support" | "stock_keeper"; firstName: string; lastName: string; password: string; phone?: string | undefined; employeeId?: string | undefined; }' is not assignable to parameter of type 'CreateEmployeeData'.
  Types of property 'role' are incompatible.
    Type '"sales" | "admin" | "manager" | "inventory" | "support" | "stock_keeper"' is not assignable to type 'UserRole'.
      Type '"stock_keeper"' is not assignable to type 'UserRole'.
src/controllers/employeeController.ts(163,63): error TS2345: Argument of type '{ email?: string | undefined; role?: "sales" | "admin" | "manager" | "inventory" | "support" | "stock_keeper" | undefined; isActive?: boolean | undefined; firstName?: string | undefined; lastName?: string | undefined; phone?: string | undefined; employeeId?: string | undefined; }' is not assignable to parameter of type 'UpdateEmployeeData'.
  Types of property 'role' are incompatible.
    Type '"sales" | "admin" | "manager" | "inventory" | "support" | "stock_keeper" | undefined' is not assignable to type 'UserRole | undefined'.
      Type '"stock_keeper"' is not assignable to type 'UserRole | undefined'.
